src/middlewares/upload.middleware.ts(14,25): error TS2322: Type 'CloudinaryStorage' is not assignable to type 'StorageEngine'.
  Types of property '_handleFile' are incompatible.
    Type '(req: Request<ParamsDictionary, any, any, ParsedQs, Record<string, any>>, file: File, callback: (error?: any, info?: Partial<File> | undefined) => void) => Promise<...>' is not assignable to type '(req: Request<ParamsDictionary, any, any, ParsedQs, Record<string, any>>, file: File, callback: (error?: any, info?: Partial<File> | undefined) => void) => void'.
      Types of parameters 'req' and 'req' are incompatible.
        Property 'param' is missing in type 'import("C:/Users/teste/Desktop/Gamepage/Gamification/backend/node_modules/@types/multer/node_modules/@types/express/index").Request<import("C:/Users/teste/Desktop/Gamepage/Gamification/backend/node_modules/@types/multer/node_modules/@types/express-serve-static-core/index").ParamsDictionary, any, any, qs.ParsedQs, Re...' but required in type 'import("C:/Users/teste/Desktop/Gamepage/Gamification/backend/node_modules/@types/express/index").Request<import("C:/Users/teste/Desktop/Gamepage/Gamification/backend/node_modules/@types/express-serve-static-core/index").ParamsDictionary, any, any, qs.ParsedQs, Record<...>>'.
