STATUS: 500
BODY: {"status":"error","statusCode":500,"message":"\nInvalid `prisma.user.findFirst()` invocation in\nC:\\Users\\hgbr1\\OneDrive\\├ürea de Trabalho\\corrigir_bug\\Gamification\\backend\\src\\repositories\\user.repository.ts:5:22\n\n  2 import { Prisma, User, Role } from '@prisma/client';\n  3 \n  4 export const findUserByEmail = async (email: string): Promise<User | null> => {\nÔåÆ 5   return prisma.user.findFirst(\nThe column `User.contactEmail` does not exist in the current database.","stack":"PrismaClientKnownRequestError: \nInvalid `prisma.user.findFirst()` invocation in\nC:\\Users\\hgbr1\\OneDrive\\├ürea de Trabalho\\corrigir_bug\\Gamification\\backend\\src\\repositories\\user.repository.ts:5:22\n\n  2 import { Prisma, User, Role } from '@prisma/client';\n  3 \n  4 export const findUserByEmail = async (email: string): Promise<User | null> => {\nÔåÆ 5   return prisma.user.findFirst(\nThe column `User.contactEmail` does not exist in the current database.\n    at $n.handleRequestError (C:\\Users\\hgbr1\\OneDrive\\├ürea de Trabalho\\corrigir_bug\\Gamification\\backend\\node_modules\\@prisma\\client\\runtime\\library.js:121:7315)\n    at $n.handleAndLogRequestError (C:\\Users\\hgbr1\\OneDrive\\├ürea de Trabalho\\corrigir_bug\\Gamification\\backend\\node_modules\\@prisma\\client\\runtime\\library.js:121:6623)\n    at $n.request (C:\\Users\\hgbr1\\OneDrive\\├ürea de Trabalho\\corrigir_bug\\Gamification\\backend\\node_modules\\@prisma\\client\\runtime\\library.js:121:6307)\n    at l (C:\\Users\\hgbr1\\OneDrive\\├ürea de Trabalho\\corrigir_bug\\Gamification\\backend\\node_modules\\@prisma\\client\\runtime\\library.js:130:9633)\n    at resetPassword (C:\\Users\\hgbr1\\OneDrive\\├ürea de Trabalho\\corrigir_bug\\Gamification\\backend\\src\\services\\auth.service.ts:90:16)\n    at resetPassword (C:\\Users\\hgbr1\\OneDrive\\├ürea de Trabalho\\corrigir_bug\\Gamification\\backend\\src\\controllers\\auth.controller.ts:35:20)"}
